// Jest Snapshot v1, https://goo.gl/fbAQLP

exports[`<CardContent/> renders CardContent component 1`] = `<styled.div />`;
